70
226
303
550
934
1029
1137
1147
1290
1835
2089
2128
2339
2390
2502
2578
2671
2962
3134
3215
3402
4076
4130
4173
4412
4893
5345
5408
5722
6061
6104
6548
6762
7054
7616
7672
7739
7761
7795
7872
8024
8088
8095
8111
8137
8294
8327
8366
8511
8563
8797
9034
9140
9300
9325
9364
9375
9457
9532
9583
9589
9596
9629
9651
9699
9712
9746
9782
9811
9921
9965
70
17
104
528
579
926
1138
1153
1229
1367
1478
1533
1601
1635
1656
1729
1924
1980
2028
2098
2326
2400
2483
2680
3056
3244
3344
3372
3522
3830
3909
4041
4273
4290
4426
4452
4576
4647
4683
4754
4898
5001
5229
5349
5486
5628
5863
6075
6135
6285
6348
6447
6577
6645
6663
6976
7476
8018
8075
8602
8917
8923
8931
8986
8996
9519
9527
9532
9571
9743
9806
